{
  "version": "1.5.0",
  "plugins_used": [
    {
      "name": "ArtifactoryDetector"
    },
    {
      "name": "AWSKeyDetector"
    },
    {
      "name": "AzureStorageKeyDetector"
    },
    {
      "name": "Base64HighEntropyString",
      "limit": 4.5
    },
    {
      "name": "BasicAuthDetector"
    },
    {
      "name": "CloudantDetector"
    },
    {
      "name": "DiscordBotTokenDetector"
    },
    {
      "name": "GitHubTokenDetector"
    },
    {
      "name": "HexHighEntropyString",
      "limit": 3.0
    },
    {
      "name": "IbmCloudIamDetector"
    },
    {
      "name": "IbmCosHmacDetector"
    },
    {
      "name": "JwtTokenDetector"
    },
    {
      "name": "KeywordDetector",
      "keyword_exclude": ""
    },
    {
      "name": "MailchimpDetector"
    },
    {
      "name": "NpmDetector"
    },
    {
      "name": "PrivateKeyDetector"
    },
    {
      "name": "SendGridDetector"
    },
    {
      "name": "SlackDetector"
    },
    {
      "name": "SoftlayerDetector"
    },
    {
      "name": "SquareOAuthDetector"
    },
    {
      "name": "StripeDetector"
    },
    {
      "name": "TwilioKeyDetector"
    }
  ],
  "filters_used": [
    {
      "path": "detect_secrets.filters.allowlist.is_line_allowlisted"
    },
    {
      "path": "detect_secrets.filters.common.is_baseline_file",
      "filename": ".secrets.baseline"
    },
    {
      "path": "detect_secrets.filters.common.is_ignored_due_to_verification_policies",
      "min_level": 2
    },
    {
      "path": "detect_secrets.filters.heuristic.is_indirect_reference"
    },
    {
      "path": "detect_secrets.filters.heuristic.is_likely_id_string"
    },
    {
      "path": "detect_secrets.filters.heuristic.is_lock_file"
    },
    {
      "path": "detect_secrets.filters.heuristic.is_not_alphanumeric_string"
    },
    {
      "path": "detect_secrets.filters.heuristic.is_potential_uuid"
    },
    {
      "path": "detect_secrets.filters.heuristic.is_prefixed_with_dollar_sign"
    },
    {
      "path": "detect_secrets.filters.heuristic.is_sequential_string"
    },
    {
      "path": "detect_secrets.filters.heuristic.is_swagger_file"
    },
    {
      "path": "detect_secrets.filters.heuristic.is_templated_secret"
    },
    {
      "path": "detect_secrets.filters.regex.should_exclude_file",
      "pattern": [
        "package-lock\\.json$|\\.jest-cache/|\\.venv/|\\.venv-test/|node_modules/|__pycache__/|\\.git/"
      ]
    },
    {
      "path": "detect_secrets.filters.regex.should_exclude_line",
      "pattern": [
        "integrity.*sha"
      ]
    }
  ],
  "results": {
    "api/admin_api/admin_test.py": [
      {
        "type": "Secret Keyword",
        "filename": "api/admin_api/admin_test.py",
        "hashed_secret": "dff6d4ff5dc357cf451d1855ab9cbda562645c9f",
        "is_verified": false,
        "line_number": 601
      }
    ],
    "api/local.settings.json.e2e": [
      {
        "type": "Azure Storage Account access key",
        "filename": "api/local.settings.json.e2e",
        "hashed_secret": "5666459779d6a76bea73453137803fd27d8f79cd",
        "is_verified": false,
        "line_number": 4
      },
      {
        "type": "Base64 High Entropy String",
        "filename": "api/local.settings.json.e2e",
        "hashed_secret": "589c2d30c725c063a05a59110ea5888a80a28f15",
        "is_verified": false,
        "line_number": 9
      },
      {
        "type": "Secret Keyword",
        "filename": "api/local.settings.json.e2e",
        "hashed_secret": "589c2d30c725c063a05a59110ea5888a80a28f15",
        "is_verified": false,
        "line_number": 9
      },
      {
        "type": "Secret Keyword",
        "filename": "api/local.settings.json.e2e",
        "hashed_secret": "1f87111f3d40182e359284ce61e8e55a17a2eeb2",
        "is_verified": false,
        "line_number": 14
      }
    ],
    "api/local.settings.json.example": [
      {
        "type": "Base64 High Entropy String",
        "filename": "api/local.settings.json.example",
        "hashed_secret": "589c2d30c725c063a05a59110ea5888a80a28f15",
        "is_verified": false,
        "line_number": 8
      },
      {
        "type": "Secret Keyword",
        "filename": "api/local.settings.json.example",
        "hashed_secret": "589c2d30c725c063a05a59110ea5888a80a28f15",
        "is_verified": false,
        "line_number": 8
      },
      {
        "type": "Secret Keyword",
        "filename": "api/local.settings.json.example",
        "hashed_secret": "f353aa1d21813b4bf122f0b392e7977faaf9922f",
        "is_verified": false,
        "line_number": 13
      }
    ],
    "api/shared/auth_test.py": [
      {
        "type": "Secret Keyword",
        "filename": "api/shared/auth_test.py",
        "hashed_secret": "03f5e2d670af3e9183f3fe790785b0d41291a17d",
        "is_verified": false,
        "line_number": 98
      },
      {
        "type": "Secret Keyword",
        "filename": "api/shared/auth_test.py",
        "hashed_secret": "d01e71e4c47a4022acd25c74bffedd2641a60c70",
        "is_verified": false,
        "line_number": 124
      }
    ],
    "api/shared/error_handling_comprehensive_test.py": [
      {
        "type": "Hex High Entropy String",
        "filename": "api/shared/error_handling_comprehensive_test.py",
        "hashed_secret": "90bd1b48e958257948487b90bee080ba5ed00caa",
        "is_verified": false,
        "line_number": 657
      }
    ],
    "api/shared/llm_client_test.py": [
      {
        "type": "Secret Keyword",
        "filename": "api/shared/llm_client_test.py",
        "hashed_secret": "2e7a7ee14caebf378fc32d6cf6f557f347c96773",
        "is_verified": false,
        "line_number": 98
      }
    ],
    "api/shared/validation_extended_test.py": [
      {
        "type": "Secret Keyword",
        "filename": "api/shared/validation_extended_test.py",
        "hashed_secret": "3acfb2c2b433c0ea7ff107e33df91b18e52f960f",
        "is_verified": false,
        "line_number": 49
      }
    ],
    "api/shared/validation_test.py": [
      {
        "type": "Secret Keyword",
        "filename": "api/shared/validation_test.py",
        "hashed_secret": "d5444dbbe91d72a533e64cebbae5191e42610cfb",
        "is_verified": false,
        "line_number": 96
      }
    ],
    "infrastructure/parameters.compute.json": [
      {
        "type": "Secret Keyword",
        "filename": "infrastructure/parameters.compute.json",
        "hashed_secret": "3de8047882ece4818496ccecdc1887c6cfea0d6f",
        "is_verified": false,
        "line_number": 22
      },
      {
        "type": "Secret Keyword",
        "filename": "infrastructure/parameters.compute.json",
        "hashed_secret": "bbb0854f1e4c6a7f0bbd122baf5dbcb918692cc2",
        "is_verified": false,
        "line_number": 30
      }
    ],
    "public/staticwebapp.config.json": [
      {
        "type": "Secret Keyword",
        "filename": "public/staticwebapp.config.json",
        "hashed_secret": "d92490a1457d8b0712a85fe018b3e9fd781816a7",
        "is_verified": false,
        "line_number": 11
      }
    ],
    "src/components/integrations/__tests__/IntegrationsPage.test.tsx": [
      {
        "type": "Secret Keyword",
        "filename": "src/components/integrations/__tests__/IntegrationsPage.test.tsx",
        "hashed_secret": "2e7a7ee14caebf378fc32d6cf6f557f347c96773",
        "is_verified": false,
        "line_number": 523
      }
    ]
  },
  "generated_at": "2025-08-31T04:31:54Z"
}
